============================= test session starts =============================
platform win32 -- Python 3.13.2, pytest-8.4.1, pluggy-1.6.0 -- C:\Users\adiw\PycharmProjects\Kurs\.venv\Scripts\python.exe
cachedir: .pytest_cache
rootdir: C:\Users\adiw\PycharmProjects\Kurs\ml_iris_classification
plugins: anyio-4.9.0, typeguard-4.4.2
collecting ... collected 21 items

tests/test_pipeline.py::test_scale_data_mean_std PASSED                  [  4%]
tests/test_pipeline.py::test_label_encoder PASSED                        [  9%]
tests/test_pipeline.py::test_logreg_pipeline_fit_without_error PASSED    [ 14%]
tests/test_pipeline.py::test_logreg_pipeline_pred_shape PASSED           [ 19%]
tests/test_pipeline.py::test_logreg_pipeline_cross_val PASSED            [ 23%]
tests/test_pipeline.py::test_logreg_pipeline_on_iris_data PASSED         [ 28%]
tests/test_pipeline.py::test_logreg_pipeline_invalid_data PASSED         [ 33%]
tests/test_pipeline.py::test_randfor_pipeline_fit_without_error PASSED   [ 38%]
tests/test_pipeline.py::test_randfor_pipeline_pred_shape PASSED          [ 42%]
tests/test_pipeline.py::test_randfor_pipeline_cross_val PASSED           [ 47%]
tests/test_pipeline.py::test_randfor_pipeline_on_iris_data PASSED        [ 52%]
tests/test_pipeline.py::test_randfor_pipeline_invalid_data PASSED        [ 57%]
tests/test_pipeline.py::test_get_metrics_output_shape PASSED             [ 61%]
tests/test_pipeline.py::test_get_metrics_all_classes PASSED              [ 66%]
tests/test_pipeline.py::test_get_metrics_virgi_missing PASSED            [ 71%]
tests/test_pipeline.py::test_get_metrics_setosa_missing PASSED           [ 76%]
tests/test_pipeline.py::test_get_metrics_versi_missing PASSED            [ 80%]
tests/test_pipeline.py::test_get_metrics_partially_missing_f1 PASSED     [ 85%]
tests/test_pipeline.py::test_get_metrics_partially_missing_precision PASSED [ 90%]
tests/test_pipeline.py::test_get_metrics_partially_missing_recall PASSED [ 95%]
tests/test_pipeline.py::test_get_metrics_empty_report PASSED             [100%]

============================= 21 passed in 5.94s ==============================
